/home/hilding/Repos/odtb2pilot/test_folder/automated/e_469428_MAIN_1_securityevent_structure.yml
/home/hilding/Repos/odtb2pilot/test_folder/automated/e_74498_MAIN_1_security_access_protection_for_sevice_routinecontrol__31_.py
/home/hilding/Repos/odtb2pilot/test_folder/automated/e_76690_MAIN_3_transfer_data.py
/home/hilding/Repos/odtb2pilot/test_folder/automated/e_76173_MAIN_0_readmemorybyaddress_alfid.py
/home/hilding/Repos/odtb2pilot/test_folder/automated/e_76696_MAIN_5_request_transfer_exit_transfer_response_parameter_record.py
/home/hilding/Repos/odtb2pilot/test_folder/automated/e_487905_MAIN_1_sec_oc_distribution_of_the_sec_oc_keys_to_ecu_suppliers.py
/home/hilding/Repos/odtb2pilot/test_folder/automated/e_76467_MAIN_1_dynamicallydefinedataidentifier_2c_addressandlengthformat_identifier.yml
/home/hilding/Repos/odtb2pilot/test_folder/automated/e_56151__2_p2server_max_non_prg_session.py
/home/hilding/Repos/odtb2pilot/test_folder/automated/e_480617_MAIN_1_ECM_security_access_message_structures.py
/home/hilding/Repos/odtb2pilot/test_folder/automated/e_74166_MAIN_1_service_10_all_other_session_transissions.yml
/home/hilding/Repos/odtb2pilot/test_folder/automated/e_67761_MAIN_3_manufacturer_dr.py
/home/hilding/Repos/odtb2pilot/test_folder/automated/e_480600_MAIN_2_disable_hardware_debug_interfaces_to_hsm.yml
/home/hilding/Repos/odtb2pilot/test_folder/automated/e_72017_MAIN_8_support_data_records_in_global_dtc_snapshot_data.py
/home/hilding/Repos/odtb2pilot/test_folder/automated/e_480620_MAIN_0_client_request_seed_construction.py
/home/hilding/Repos/odtb2pilot/test_folder/automated/e_68214_MAIN_5_part_num_coding.py
/home/hilding/Repos/odtb2pilot/test_folder/automated/e_76683_MAIN_3_requestupload.py
/home/hilding/Repos/odtb2pilot/test_folder/automated/e_72168_MAIN_0_check_complete_and_compatible.py
/home/hilding/Repos/odtb2pilot/test_folder/automated/e_60112__1_functional_requests.py
/home/hilding/Repos/odtb2pilot/test_folder/automated/e_53927__1_suspend_non_diagnostic_communication.yml
/home/hilding/Repos/odtb2pilot/test_folder/automated/e_60102__1_n_as_timeout_prog_session.py
/home/hilding/Repos/odtb2pilot/test_folder/automated/e_56150__1_p2server_max_prg_session.py
/home/hilding/Repos/odtb2pilot/test_folder/automated/e_469403_MAIN_2_secoc_default_development_key.py
/home/hilding/Repos/odtb2pilot/test_folder/automated/e_68189_MAIN_2_application_diagnostic_database_part_number_data_record.py
/home/hilding/Repos/odtb2pilot/test_folder/automated/e_67821_MAIN_1_identification_option_data_records.yml
/home/hilding/Repos/odtb2pilot/test_folder/automated/e_480623_MAIN_0_client_send_key_construction.yml
/home/hilding/Repos/odtb2pilot/test_folder/automated/e_76444_MAIN_1_read_data_by_periodic_identifier_transmission_mode_slow.py
/home/hilding/Repos/odtb2pilot/test_folder/automated/e_74124_MAIN_1_type_3__pos_resp_startroutine.py
/home/hilding/Repos/odtb2pilot/test_folder/automated/e_74114_MAIN_0_routine_result_availability.yml
/home/hilding/Repos/odtb2pilot/test_folder/automated/e_74130_MAIN_0_routinestatus_routineexecutes_type2.py
/home/hilding/Repos/odtb2pilot/test_folder/automated/e_60062__3_nbr_performance_req_non_programming_for_fccts_and_fcovflw.yml
/home/hilding/Repos/odtb2pilot/test_folder/automated/e_480617_MAIN_1_security_access_message_structures.yml
/home/hilding/Repos/odtb2pilot/test_folder/automated/e_115798_MAIN_2_flowcontrol_wait_usage.py
/home/hilding/Repos/odtb2pilot/test_folder/automated/e_60017__1_n_as_timeout_non_prog_session.py
/home/hilding/Repos/odtb2pilot/test_folder/automated/e_68197_MAIN_1_autosar_bsw_cluster_version.py
/home/hilding/Repos/odtb2pilot/test_folder/automated/e_487909_MAIN_1_secoc_cluster_key_identifier.py
/home/hilding/Repos/odtb2pilot/test_folder/automated/e_76136_MAIN_0_diagnosticsessioncontrol_parameterrecord.py
/home/hilding/Repos/odtb2pilot/test_folder/automated/e_74510_MAIN_2_negative_response_codes.py
/home/hilding/Repos/odtb2pilot/test_folder/automated/e_56155__1_p2_star_server_max.yml
/home/hilding/Repos/odtb2pilot/test_folder/automated/e_76515_MAIN_2_19_reportdtcwithpermanentstatus_15.py
/home/hilding/Repos/odtb2pilot/test_folder/automated/e_53913__1_ecus_with_multiple_networks.py
/home/hilding/Repos/odtb2pilot/test_folder/automated/e_56204__1_p4server_equal_to_p2server.yml
/home/hilding/Repos/odtb2pilot/test_folder/automated/e_76503_MAIN_1_19_reportdtcsnapshotrecordbydtcnumber_04_84.py
/home/hilding/Repos/odtb2pilot/test_folder/automated/e_52307__3_timing_at_power_up_or_reset_initialization_can.py
/home/hilding/Repos/odtb2pilot/test_folder/automated/e_76671_MAIN_0_rc31_req_routine_res_ext.py
/home/hilding/Repos/odtb2pilot/test_folder/automated/e_53929__1_disable_monitoring_and_logging_dtcs.py
/home/hilding/Repos/odtb2pilot/test_folder/automated/e_74156_MAIN_1_p4server_max_for_readdtcinformation_19_ext.py
/home/hilding/Repos/odtb2pilot/test_folder/automated/e_76443_MAIN_1_read_data_by_periodic_identifier_response_message_type.yml
/home/hilding/Repos/odtb2pilot/test_folder/automated/e_469134_MAIN_1_default_values_delay_timers_and_counters_for_false_attempts.yml
/home/hilding/Repos/odtb2pilot/test_folder/automated/e_360452_MAIN_1_authenticity_verification.py
/home/hilding/Repos/odtb2pilot/test_folder/automated/e_487892_MAIN_1_sec_oc_profile_configuration_mac_truncation.py
/home/hilding/Repos/odtb2pilot/test_folder/automated/e_486677_MAIN_0_Event_logging_rate_limitation.py
/home/hilding/Repos/odtb2pilot/test_folder/automated/e_484129_MAIN_0_routine_status_record.yml
/home/hilding/Repos/odtb2pilot/test_folder/automated/e_469433_MAIN_0_Total_number_of_events.py
/home/hilding/Repos/odtb2pilot/test_folder/automated/e_76171_MAIN_2_read_did_multiple_request.yml
/home/hilding/Repos/odtb2pilot/test_folder/automated/e_76501_MAIN_0_19_reportdtcbystatusmask_02_82_dtcstatusmask.py
/home/hilding/Repos/odtb2pilot/test_folder/automated/e_74156_MAIN_1_p4server_max_for_readdtcinformation_19.py
/home/hilding/Repos/odtb2pilot/test_folder/automated/e_60081__1_n_cr_timeout_in_non_prog_session_ext.py
/home/hilding/Repos/odtb2pilot/test_folder/automated/e_76141_MAIN_1_security_access_27.py
/home/hilding/Repos/odtb2pilot/test_folder/automated/e_67867_MAIN_1_supported_services_for_dynamically_defined_periodic_data_identifiers.py
/home/hilding/Repos/odtb2pilot/test_folder/automated/e_487909_MAIN_1_secoc_cluster_key_identifier.yml
/home/hilding/Repos/odtb2pilot/test_folder/automated/e_76686_MAIN_1_requestupload_alfid.py
/home/hilding/Repos/odtb2pilot/test_folder/automated/e_76496_MAIN_1_cleardiagnosticinformation_14.py
/home/hilding/Repos/odtb2pilot/test_folder/automated/e_480615_MAIN_0_ECM_aes_cmac_in_authentication_method.yml
/home/hilding/Repos/odtb2pilot/test_folder/automated/e_74126_MAIN_0_type_3_req_routine_res.py
/home/hilding/Repos/odtb2pilot/test_folder/automated/e_469434_MAIN_0_minimum_number_of_events_to_be_stored.py
/home/hilding/Repos/odtb2pilot/test_folder/automated/e_74130_MAIN_0_routinestatus_routineexecutes_type3.py
/home/hilding/Repos/odtb2pilot/test_folder/automated/e_480621_MAIN_1_ECM_server_response_seed_construction.py
/home/hilding/Repos/odtb2pilot/test_folder/automated/e_52246__1_transport_network_layer.py
/home/hilding/Repos/odtb2pilot/test_folder/automated/e_76671_MAIN_0_rc31_req_routine_res_def.py
/home/hilding/Repos/odtb2pilot/test_folder/automated/e_74180_MAIN_0_service_readdtcinformation__19__affecting_ecu_functionality.yml
/home/hilding/Repos/odtb2pilot/test_folder/automated/e_56204__1_p4server_equal_to_p2server.py
/home/hilding/Repos/odtb2pilot/test_folder/automated/e_68200_MAIN_2_ecu_core_assembly_part_number_data_record.py
/home/hilding/Repos/odtb2pilot/test_folder/automated/e_56155__1_p2_star_server_max.py
/home/hilding/Repos/odtb2pilot/test_folder/automated/e_469435_MAIN_0_counter_overflow_strategy.py
/home/hilding/Repos/odtb2pilot/test_folder/automated/e_76172_MAIN_0_readmemorybyaddress_s23.yml
/home/hilding/Repos/odtb2pilot/test_folder/automated/e_52291__1_enter_bootloader_from_ecu_application.py
/home/hilding/Repos/odtb2pilot/test_folder/automated/e_68177_MAIN_0_active_diag_session_f186.py
/home/hilding/Repos/odtb2pilot/test_folder/automated/e_74166_MAIN_1_service_10_all_other_session_transissions.py
/home/hilding/Repos/odtb2pilot/test_folder/automated/e_469023_MAIN_1_action_on_failure.py
/home/hilding/Repos/odtb2pilot/test_folder/automated/e_53975__1_separate_memory_sectors.py
/home/hilding/Repos/odtb2pilot/test_folder/automated/e_68207_MAIN_4_ecu_software_part_number_data_record.py
/home/hilding/Repos/odtb2pilot/test_folder/automated/e_53933__1_time_window_timeout_prog.yml
/home/hilding/Repos/odtb2pilot/test_folder/automated/e_60081__1_n_cr_timeout_in_non_prog_session.py
/home/hilding/Repos/odtb2pilot/test_folder/automated/e_487906_MAIN_1_secoc_key_programmed_status_diagnostic_trouble_code.yml
/home/hilding/Repos/odtb2pilot/test_folder/automated/e_76485_MAIN_2_dynamically_define_data_identifier_2c_clear_of_dynamically_define_data_identifier.py
/home/hilding/Repos/odtb2pilot/test_folder/automated/e_72220_MAIN_1_erase_mem_resp_time.py
/home/hilding/Repos/odtb2pilot/test_folder/automated/e_481257_MAIN_0_transfer_data_36_hex_service.py
/home/hilding/Repos/odtb2pilot/test_folder/automated/e_487895_MAIN_1_sec_oc_diagnostic_trouble_code_detection_of_corrupt_data_received.py
/home/hilding/Repos/odtb2pilot/test_folder/automated/e_60019__1_n_ar_timeout_non_prog_session.py
/home/hilding/Repos/odtb2pilot/test_folder/automated/e_52286__2_s3server_timer_timeout_in_pbl_1_1_part.py
/home/hilding/Repos/odtb2pilot/test_folder/automated/e_68239_MAIN_7_complete_ecu_partserial_number_data_record.yml
/home/hilding/Repos/odtb2pilot/test_folder/automated/e_53933__1_time_window_timeout_prog.py
/home/hilding/Repos/odtb2pilot/test_folder/automated/e_76486_MAIN_3_write_data_by_identifier_2e.yml
/home/hilding/Repos/odtb2pilot/test_folder/automated/e_76441_MAIN_0_read_memory_by_address_ms.py
/home/hilding/Repos/odtb2pilot/test_folder/automated/e_428665_MAIN_1_sign_software_part_private_key_syntax.py
/home/hilding/Repos/odtb2pilot/test_folder/automated/e_487904_MAIN_1_sec_oc_detection_of_non_programmed_production_keys.py
/home/hilding/Repos/odtb2pilot/test_folder/automated/e_113861_MAIN_0_diagnostic_readout.yml
/home/hilding/Repos/odtb2pilot/test_folder/automated/e_76670_MAIN_1_rc31_stop_option_record.py
/home/hilding/Repos/odtb2pilot/test_folder/automated/e_488712_MAIN_0_sec_oc_key_update_handling_in_ecu.py
/home/hilding/Repos/odtb2pilot/test_folder/automated/e_480618_MAIN_1_security_access_message_identifier.yml
/home/hilding/Repos/odtb2pilot/test_folder/automated/e_74167_MAIN_0_service_ecureset__11__affecting_ecu_functionality.py
/home/hilding/Repos/odtb2pilot/test_folder/automated/e_67864_MAIN_2_id_options_system_supplier_specific_data_records.yml
/home/hilding/Repos/odtb2pilot/test_folder/automated/e_67867_MAIN_1_supported_services_for_dynamically_defined_periodic_data_identifiers_progsession.py
/home/hilding/Repos/odtb2pilot/test_folder/automated/e_68202_MAIN_1_ecu_delivery_assembly_part_number_data_record.py
/home/hilding/Repos/odtb2pilot/test_folder/automated/e_76485_MAIN_2_dynamically_define_data_identifier_2c_clear_of_dynamically_define_data_identifier.yml
/home/hilding/Repos/odtb2pilot/test_folder/automated/e_74450_MAIN_2_entry_conditions_for_service_10_changing_to_programmingsession.yml
/home/hilding/Repos/odtb2pilot/test_folder/automated/e_60103__2_n_ar_timeout_progsession.yml
/home/hilding/Repos/odtb2pilot/test_folder/automated/e_484030_MAIN_0_ecu_physical_address.py
/home/hilding/Repos/odtb2pilot/test_folder/automated/e_76622_MAIN_0_rc31_stop_ext.py
/home/hilding/Repos/odtb2pilot/test_folder/automated/e_76446_MAIN_2_read_data_by_periodic_identifier_transmission_mode_fast.py
/home/hilding/Repos/odtb2pilot/test_folder/automated/e_74147_MAIN_1_p4server_max_response_time_for_readdatabyidentifier__22_.py
/home/hilding/Repos/odtb2pilot/test_folder/automated/e_56154__2_p2_star_server_min.yml
/home/hilding/Repos/odtb2pilot/test_folder/automated/e_480626_MAIN_2_ECM_security_access_detection_of_nonprogrammed_keys.py
/home/hilding/Repos/odtb2pilot/test_folder/automated/e_469450_MAIN_1_security_log_access_control.py
/home/hilding/Repos/odtb2pilot/test_folder/automated/e_60062__3_nbr_performance_req_non_programming_for_fccts_and_fcovflw.py
/home/hilding/Repos/odtb2pilot/test_folder/automated/e_76622_MAIN_0_rc31_stop_ext.yml
/home/hilding/Repos/odtb2pilot/test_folder/automated/e_480619_MAIN_1_initialization_vectors.py
/home/hilding/Repos/odtb2pilot/test_folder/automated/e_469465_MAIN_0_auth_data_calc.py
/home/hilding/Repos/odtb2pilot/test_folder/automated/e_76136_MAIN_0_diagnosticsessioncontrol_parameterrecord.yml
/home/hilding/Repos/odtb2pilot/test_folder/automated/e_428667_MAIN_3_signing_function_generate_signature.py
/home/hilding/Repos/odtb2pilot/test_folder/automated/e_480625_MAIN_2_security_access_key_type_structure.yml
/home/hilding/Repos/odtb2pilot/test_folder/automated/e_76685_MAIN_1_requestupload_dataformatidentifier.py
/home/hilding/Repos/odtb2pilot/test_folder/automated/e_60130__3_handling_of_dlc_on_classic_can.py
/home/hilding/Repos/odtb2pilot/test_folder/automated/e_74124_MAIN_1_type_3__pos_resp_startroutine.yml
/home/hilding/Repos/odtb2pilot/test_folder/automated/e_487904_MAIN_1_sec_oc_detection_of_non_programmed_production_keys.yml
/home/hilding/Repos/odtb2pilot/test_folder/automated/e_76172_MAIN_0_readmemorybyaddress_s23.py
/home/hilding/Repos/odtb2pilot/test_folder/automated/e_76442_MAIN_2_read_data_by_periodic_identifier_2a.yml
/home/hilding/Repos/odtb2pilot/test_folder/automated/e_480650_MAIN_1_increment_and_reset_for_false_attempts.py
/home/hilding/Repos/odtb2pilot/test_folder/automated/e_480618_MAIN_1_security_access_message_identifier.py
/home/hilding/Repos/odtb2pilot/test_folder/automated/e_76671_MAIN_0_rc31_req_routine_res_ext.yml
/home/hilding/Repos/odtb2pilot/test_folder/automated/e_56194__1_start_of_p2_server_for_queued_request_in_programming_session.yml
/home/hilding/Repos/odtb2pilot/test_folder/automated/e_480650_MAIN_1_ECM_increment_and_reset_for_false_attempts.py
/home/hilding/Repos/odtb2pilot/test_folder/automated/e_469414_MAIN_2_secoc_message_verification_handling_of_too_many_invalid_attempts.py
/home/hilding/Repos/odtb2pilot/test_folder/automated/e_391192_MAIN_2_ECU_start_up_time.py
/home/hilding/Repos/odtb2pilot/test_folder/automated/e_72042_MAIN_3_support_for_dtc_time_stamp_21.py
/home/hilding/Repos/odtb2pilot/test_folder/automated/e_480621_MAIN_1_server_response_seed_construction.py
/home/hilding/Repos/odtb2pilot/test_folder/automated/e_115798_MAIN_2_flowcontrol_wait_usage.yml
/home/hilding/Repos/odtb2pilot/test_folder/automated/e_488878_MAIN_0_sec_oc_did_for_sec_oc_verification_failures.yml
/home/hilding/Repos/odtb2pilot/test_folder/automated/e_74112_MAIN_1_routineinfo_byte_extended_session.py
/home/hilding/Repos/odtb2pilot/test_folder/automated/e_60133__2_unused_data_bytes_in_the_can_frame.py
/home/hilding/Repos/odtb2pilot/test_folder/automated/e_74143_MAIN_0_p4server_max_response_time_for_service_10.py
/home/hilding/Repos/odtb2pilot/test_folder/automated/e_76621_MAIN_1_rc31_option_record.py
/home/hilding/Repos/odtb2pilot/test_folder/automated/e_469414_MAIN_2_secoc_message_verification_handling_of_too_many_invalid_attempts.yml
/home/hilding/Repos/odtb2pilot/test_folder/automated/e_469444_MAIN_0_overwrite_strategy.py
/home/hilding/Repos/odtb2pilot/test_folder/automated/e_74147_MAIN_1_p4server_max_response_time_for_readdatabyidentifier__22__prog.py
/home/hilding/Repos/odtb2pilot/test_folder/automated/e_113861_MAIN_0_diagnostic_readout.py
/home/hilding/Repos/odtb2pilot/test_folder/automated/e_480623_MAIN_0_ECM_client_send_key_construction.yml
/home/hilding/Repos/odtb2pilot/test_folder/automated/e_76501_MAIN_0_19_reportdtcbystatusmask_02_82_dtcstatusmask_ext.py
/home/hilding/Repos/odtb2pilot/test_folder/automated/e_469429_MAIN_1_read_outsecurity_event_records.yml
/home/hilding/Repos/odtb2pilot/test_folder/automated/e_469432_MAIN_0_security_event_header.py
/home/hilding/Repos/odtb2pilot/test_folder/automated/e_481861_MAIN_0_check_security_access_method_supported.py
/home/hilding/Repos/odtb2pilot/test_folder/automated/e_74160_MAIN_1_p4server_max_for_routinecontrol_31__exept_startroutine_type_1.py
/home/hilding/Repos/odtb2pilot/test_folder/automated/e_76499_MAIN_0_read_dtc_information_19.py
/home/hilding/Repos/odtb2pilot/test_folder/automated/e_74172_MAIN_0_service_readdatabyidentifier__22__affecting_ecu_functionality.yml
/home/hilding/Repos/odtb2pilot/test_folder/automated/e_76502_MAIN_0_19_reportdtcsnapshotidentification_03_83.py
/home/hilding/Repos/odtb2pilot/test_folder/automated/e_67865_MAIN_1_dynamically_defined_periodic_data_identifiers_in_ascending_order.py
/home/hilding/Repos/odtb2pilot/test_folder/automated/e_76450_MAIN_1_dynamically_define_dataidentifier_2c_definebyidentifier.yml
/home/hilding/Repos/odtb2pilot/test_folder/automated/e_486706_MAIN_0_Distribution_Security_Log_Authentication_keys.py
/home/hilding/Repos/odtb2pilot/test_folder/automated/e_60003__1_part3.yml
/home/hilding/Repos/odtb2pilot/test_folder/automated/e_76442_MAIN_2_read_data_by_periodic_identifier_2a.py
/home/hilding/Repos/odtb2pilot/test_folder/automated/e_60064__4_n_cs_performance_requirement_in_non_programming_session.py
/home/hilding/Repos/odtb2pilot/test_folder/automated/e_469462_MAIN_1_Authentication_data_algorithm.py
/home/hilding/Repos/odtb2pilot/test_folder/automated/e_53927__1_suspend_non_diagnostic_communication.py
/home/hilding/Repos/odtb2pilot/test_folder/automated/e_469134_MAIN_1_ECM_default_values_delay_timers_and_counters_for_false_attempts.yml
/home/hilding/Repos/odtb2pilot/test_folder/automated/e_74184_MAIN_0_service_routinecontrol__31__affecting_ecu_functionality.py
/home/hilding/Repos/odtb2pilot/test_folder/automated/e_76133_MAIN_1_diagnosticsessioncontrol_programmingsession.py
/home/hilding/Repos/odtb2pilot/test_folder/automated/e_53843__1_pbl_diagnostic_data.py
/home/hilding/Repos/odtb2pilot/test_folder/automated/e_72017_MAIN_8_support_data_records_in_global_dtc_snapshot_data.yml
/home/hilding/Repos/odtb2pilot/test_folder/automated/e_76170_MAIN_1_service_22_dids.py
/home/hilding/Repos/odtb2pilot/test_folder/automated/e_74180_MAIN_0_service_readdtcinformation__19__affecting_ecu_functionality.py
/home/hilding/Repos/odtb2pilot/test_folder/automated/e_480625_MAIN_2_ECM_security_access_key_type_structure.py
/home/hilding/Repos/odtb2pilot/test_folder/automated/e_480615_MAIN_0_aes_cmac_in_authentication_method.yml
/home/hilding/Repos/odtb2pilot/test_folder/automated/e_480649_MAIN_1_Limit_clientRequestSeed_requests.yml
/home/hilding/Repos/odtb2pilot/test_folder/automated/e_481861_MAIN_0_ECM_check_security_access_method_supported.py
/home/hilding/Repos/odtb2pilot/test_folder/automated/e_53843__1_pbl_diagnostic_data.yml
/home/hilding/Repos/odtb2pilot/test_folder/automated/e_60006__3_blocksize_parameter_non_programming_session_server_side.yml
/home/hilding/Repos/odtb2pilot/test_folder/automated/e_480616_MAIN_1_ECM_aes_ctr_in_authentication_method.py
/home/hilding/Repos/odtb2pilot/test_folder/automated/e_480649_MAIN_1_ECM_Limit_clientRequestSeed_requests.py
/home/hilding/Repos/odtb2pilot/test_folder/automated/e_76671_MAIN_0_rc31_req_routine_res_def.yml
/home/hilding/Repos/odtb2pilot/test_folder/automated/e_67763_MAIN_2_dev_dr.yml
/home/hilding/Repos/odtb2pilot/test_folder/automated/e_481795_MAIN_3_ECM_security_access_levels.yml
/home/hilding/Repos/odtb2pilot/test_folder/automated/e_52307__3_timing_at_power_up_or_reset_initialization_can.yml
/home/hilding/Repos/odtb2pilot/test_folder/automated/e_72203_MAIN_1_erase_memory_routine.py
/home/hilding/Repos/odtb2pilot/test_folder/automated/e_52290__1_reception_of_ecu_reset_service.py
/home/hilding/Repos/odtb2pilot/test_folder/automated/e_55628__3_addressing_usdt_frames.py
/home/hilding/Repos/odtb2pilot/test_folder/automated/e_487907_MAIN_1_secoc_key_sync_test_diagnostics.py
/home/hilding/Repos/odtb2pilot/test_folder/automated/e_488754_MAIN_0_secoc_action_on_message_failures.py
/home/hilding/Repos/odtb2pilot/test_folder/automated/e_418372_MAIN_1_ecu_sw_part_num_f12c.py
/home/hilding/Repos/odtb2pilot/test_folder/automated/e_469437_MAIN_1_security_access_application.py
/home/hilding/Repos/odtb2pilot/test_folder/automated/e_480625_MAIN_2_security_access_key_type_structure.py
/home/hilding/Repos/odtb2pilot/test_folder/automated/e_74109_MAIN_1_allowed_diag_services.py
/home/hilding/Repos/odtb2pilot/test_folder/automated/e_76169_MAIN_2_TesterPresent_zeroSubFunction.yml
/home/hilding/Repos/odtb2pilot/test_folder/automated/e_128838_MAIN_0_ecu_complete_msg.py
/home/hilding/Repos/odtb2pilot/test_folder/automated/e_480650_MAIN_1_ECM_increment_and_reset_for_false_attempts.yml
/home/hilding/Repos/odtb2pilot/test_folder/automated/e_67761_MAIN_3_manufacturer_dr.yml
/home/hilding/Repos/odtb2pilot/test_folder/automated/e_488983_MAIN_0_sec_oc_did_for_sec_oc_verification_failure_counters.yml
/home/hilding/Repos/odtb2pilot/test_folder/automated/e_488878_MAIN_0_sec_oc_did_for_sec_oc_verification_failures.py
/home/hilding/Repos/odtb2pilot/test_folder/automated/e_74165_MAIN_0_service_10_transition_from_and_to_prog.yml
/home/hilding/Repos/odtb2pilot/test_folder/automated/e_487972_MAIN_1_secoc_cluster_key_identifier_storage.py
/home/hilding/Repos/odtb2pilot/test_folder/automated/e_76173_MAIN_0_readmemorybyaddress_alfid.yml
/home/hilding/Repos/odtb2pilot/test_folder/automated/e_60012__2_stmin_programming_session_server_and_client.py
/home/hilding/Repos/odtb2pilot/test_folder/automated/e_60021__1_n_bs_timeout_non_prog_session.py
/home/hilding/Repos/odtb2pilot/test_folder/automated/e_480619_MAIN_1_ECM_initialization_vectors.py
/home/hilding/Repos/odtb2pilot/test_folder/automated/e_76486_MAIN_3_write_data_by_identifier_2e.py
/home/hilding/Repos/odtb2pilot/test_folder/automated/e_76171_MAIN_2_read_did_multiple_request.py
/home/hilding/Repos/odtb2pilot/test_folder/automated/e_76489_MAIN_1_write_memory_by_address_3d.py
/home/hilding/Repos/odtb2pilot/test_folder/automated/e_481861_MAIN_0_check_security_access_method_supported.yml
/home/hilding/Repos/odtb2pilot/test_folder/automated/e_52281__1_no_prog_received_within_timeout_prog.py
/home/hilding/Repos/odtb2pilot/test_folder/automated/e_480628_MAIN_1_Server_random_number_validity_time.py
/home/hilding/Repos/odtb2pilot/test_folder/automated/e_52286__2_s3server_timer_timeout_in_pbl_1_2_part.py
/home/hilding/Repos/odtb2pilot/test_folder/automated/e_488712_MAIN_0_sec_oc_key_update_handling_in_ecu.yml
/home/hilding/Repos/odtb2pilot/test_folder/automated/e_76443_MAIN_1_read_data_by_periodic_identifier_response_message_type.py
/home/hilding/Repos/odtb2pilot/test_folder/automated/e_480617_MAIN_1_security_access_message_structures.py
/home/hilding/Repos/odtb2pilot/test_folder/automated/e_480618_MAIN_1_ECM_security_access_message_identifier.yml
/home/hilding/Repos/odtb2pilot/test_folder/automated/e_76450_MAIN_1_dynamically_define_dataidentifier_2c_definebyidentifier.py
/home/hilding/Repos/odtb2pilot/test_folder/automated/e_486608_MAIN_0_event_type_secure_on_board_communication.py
/home/hilding/Repos/odtb2pilot/test_folder/automated/e_68191_MAIN_2_pbl_diag_part_num.py
/home/hilding/Repos/odtb2pilot/test_folder/automated/e_53841__1_pbl_diag_services.py
/home/hilding/Repos/odtb2pilot/test_folder/automated/e_480620_MAIN_0_client_request_seed_construction.yml
/home/hilding/Repos/odtb2pilot/test_folder/automated/e_480626_MAIN_2_ECM_security_access_detection_of_nonprogrammed_keys.yml
/home/hilding/Repos/odtb2pilot/test_folder/automated/e_74450_MAIN_2_entry_conditions_for_service_10_changing_to_programmingsession.py
/home/hilding/Repos/odtb2pilot/test_folder/automated/e_53837__1_pbl_in_non_volatile_memory.py
/home/hilding/Repos/odtb2pilot/test_folder/automated/e_67867_MAIN_1_supported_services_for_dynamically_defined_periodic_data_identifiers_extsession.py
/home/hilding/Repos/odtb2pilot/test_folder/automated/e_76499_MAIN_0_read_dtc_information_19_ext.py
/home/hilding/Repos/odtb2pilot/test_folder/automated/e_76465_MAIN_1_dynamically_define_data_identifier_2c_define_by_memory_address.yml
/home/hilding/Repos/odtb2pilot/test_folder/automated/e_76421_MAIN_0_read_memory_by_address_ma.py
/home/hilding/Repos/odtb2pilot/test_folder/automated/e_67865_MAIN_1_dynamically_defined_periodic_data_identifiers_in_ascending_order.yml
/home/hilding/Repos/odtb2pilot/test_folder/automated/e_480620_MAIN_0_ECM_client_request_seed_construction.py
/home/hilding/Repos/odtb2pilot/test_folder/automated/e_76512_MAIN_0_19_reportdtcextendeddatarecordbydtcnumber_06_86_recordnumber_specific_value_ext.py
/home/hilding/Repos/odtb2pilot/test_folder/automated/e_481795_MAIN_3_ECM_security_access_levels.py
/home/hilding/Repos/odtb2pilot/test_folder/automated/e_76170_MAIN_1_service_22_dids.yml
/home/hilding/Repos/odtb2pilot/test_folder/automated/e_74507_MAIN_3_negative_response_code_busy_repeat_request_0x21.yml
/home/hilding/Repos/odtb2pilot/test_folder/automated/e_68214_MAIN_5_part_num_coding.yml
/home/hilding/Repos/odtb2pilot/test_folder/automated/e_487892_MAIN_1_sec_oc_profile_configuration_mac_truncation.yml
/home/hilding/Repos/odtb2pilot/test_folder/automated/e_486600_MAIN_0_event_type_secure_boot.py
/home/hilding/Repos/odtb2pilot/test_folder/automated/e_60102__1_n_as_timeout_prog_session.yml
/home/hilding/Repos/odtb2pilot/test_folder/automated/e_67821_MAIN_1_identification_option_data_records.py
/home/hilding/Repos/odtb2pilot/test_folder/automated/e_52289__1_reception_of_diagnostic_session_control_programming_session.py
/home/hilding/Repos/odtb2pilot/test_folder/automated/e_76601_MAIN_2_rc31.yml
/home/hilding/Repos/odtb2pilot/test_folder/automated/e_60006__3_blocksize_parameter_non_programming_session_server_side.py
/home/hilding/Repos/odtb2pilot/test_folder/automated/e_481795_MAIN_3_security_access_levels.yml
/home/hilding/Repos/odtb2pilot/test_folder/automated/e_76169_MAIN_2_TesterPresent_zeroSubFunction.py
/home/hilding/Repos/odtb2pilot/test_folder/automated/e_72168_MAIN_0_check_complete_and_compatible.yml
/home/hilding/Repos/odtb2pilot/test_folder/automated/e_68230_MAIN_1_ecu_sn_dr.py
/home/hilding/Repos/odtb2pilot/test_folder/automated/e_469440_MAIN_1_event_type_software_updates_boot.py
/home/hilding/Repos/odtb2pilot/test_folder/automated/e_76139_MAIN_3_ecureset__11_.py
/home/hilding/Repos/odtb2pilot/test_folder/automated/e_53838__1_pbl_can_only_write_data_to_volatile_memory.py
/home/hilding/Repos/odtb2pilot/test_folder/automated/e_469403_MAIN_2_secoc_default_development_key.yml
/home/hilding/Repos/odtb2pilot/test_folder/automated/e_469438_MAIN_2_Secuity_access_programming_session.py
/home/hilding/Repos/odtb2pilot/test_folder/automated/e_53839__2_protected_boot_sector.yml
/home/hilding/Repos/odtb2pilot/test_folder/automated/e_480625_MAIN_2_ECM_security_access_key_type_structure.yml
/home/hilding/Repos/odtb2pilot/test_folder/automated/e_76621_MAIN_1_rc31_option_record.yml
/home/hilding/Repos/odtb2pilot/test_folder/automated/e_487907_MAIN_1_secoc_key_sync_test_diagnostics.yml
/home/hilding/Repos/odtb2pilot/test_folder/automated/e_488983_MAIN_0_sec_oc_did_for_sec_oc_verification_failure_counters.py
/home/hilding/Repos/odtb2pilot/test_folder/automated/e_480615_MAIN_0_aes_cmac_in_authentication_method.py
/home/hilding/Repos/odtb2pilot/test_folder/automated/e_68172_MAIN_0_usage_mode_data_record.py
/home/hilding/Repos/odtb2pilot/test_folder/automated/e_480628_MAIN_1_ECM_Server_random_number_validity_time.py
/home/hilding/Repos/odtb2pilot/test_folder/automated/e_60129__3_length_of_classic_can_frames.py
/home/hilding/Repos/odtb2pilot/test_folder/automated/e_56200__5_server_behavior_for_additional_client_requests_in_programming_session.py
/home/hilding/Repos/odtb2pilot/test_folder/automated/e_487905_MAIN_1_sec_oc_distribution_of_the_sec_oc_keys_to_ecu_suppliers.yml
/home/hilding/Repos/odtb2pilot/test_folder/automated/e_67763_MAIN_2_dev_dr.py
/home/hilding/Repos/odtb2pilot/test_folder/automated/e_380118_MAIN_0_st_between_single_frames_prog_session.py
/home/hilding/Repos/odtb2pilot/test_folder/automated/e_480649_MAIN_1_ECM_Limit_clientRequestSeed_requests.yml
/home/hilding/Repos/odtb2pilot/test_folder/automated/e_68239_MAIN_7_complete_ecu_partserial_number_data_record.py
/home/hilding/Repos/odtb2pilot/test_folder/automated/e_487895_MAIN_1_sec_oc_diagnostic_trouble_code_detection_of_corrupt_data_received.yml
/home/hilding/Repos/odtb2pilot/test_folder/automated/e_52261__1_prog_received_within_timeout_prog.py
/home/hilding/Repos/odtb2pilot/test_folder/automated/e_56154__2_p2_star_server_min.py
/home/hilding/Repos/odtb2pilot/test_folder/automated/e_484129_MAIN_0_routine_status_record.py
/home/hilding/Repos/odtb2pilot/test_folder/automated/e_487902_MAIN_1_sec_oc_key_type_structure.py
/home/hilding/Repos/odtb2pilot/test_folder/automated/e_76446_MAIN_2_read_data_by_periodic_identifier_transmission_mode_fast.yml
/home/hilding/Repos/odtb2pilot/test_folder/automated/e_74140_MAIN_0_p4server_max_unsupported_services.py
/home/hilding/Repos/odtb2pilot/test_folder/automated/e_52287__2_s3server_timer_timeout_in_sbl_1_1_part.py
/home/hilding/Repos/odtb2pilot/test_folder/automated/e_74480_MAIN_1_security_access_for_service_10.py
/home/hilding/Repos/odtb2pilot/test_folder/automated/e_76512_MAIN_0_19_reportdtcextendeddatarecordbydtcnumber_06_86_recordnumber_specific_value.py
/home/hilding/Repos/odtb2pilot/test_folder/automated/e_52291__1_enter_bootloader_from_ecu_application.yml
/home/hilding/Repos/odtb2pilot/test_folder/automated/e_76134_MAIN_0_diagnosticsessioncontrol_extendedsession.py
/home/hilding/Repos/odtb2pilot/test_folder/automated/e_480621_MAIN_1_server_response_seed_construction.yml
/home/hilding/Repos/odtb2pilot/test_folder/automated/e_76447_MAIN_1_read_data_by_periodic_identifier_2a_transmission_mode_stop.yml
/home/hilding/Repos/odtb2pilot/test_folder/automated/e_418471_MAIN_3_public_key_data_record_read.py
/home/hilding/Repos/odtb2pilot/test_folder/automated/e_76132_MAIN_1_diagnosticsessioncontrol_defaultsession.py
/home/hilding/Repos/odtb2pilot/test_folder/automated/e_67864_MAIN_2_id_options_system_supplier_specific_data_records.py
/home/hilding/Repos/odtb2pilot/test_folder/automated/e_76500_MAIN_1_19_reportdtcbystatusmask_02_82.py
/home/hilding/Repos/odtb2pilot/test_folder/automated/e_488754_MAIN_0_secoc_action_on_message_failures.yml
/home/hilding/Repos/odtb2pilot/test_folder/automated/e_67767_MAIN_2_ecu_identification_and_configuration_data_records.py
/home/hilding/Repos/odtb2pilot/test_folder/automated/e_53973__3_file_download_order.py
/home/hilding/Repos/odtb2pilot/test_folder/automated/e_76622_MAIN_0_rc31_stop_prg.py
/home/hilding/Repos/odtb2pilot/test_folder/automated/e_480620_MAIN_0_ECM_client_request_seed_construction.yml
/home/hilding/Repos/odtb2pilot/test_folder/automated/e_480617_MAIN_1_ECM_security_access_message_structures.yml
/home/hilding/Repos/odtb2pilot/test_folder/automated/e_76141_MAIN_1_security_access_27.yml
/home/hilding/Repos/odtb2pilot/test_folder/automated/e_486608_MAIN_0_event_type_secure_on_board_communication.yml
/home/hilding/Repos/odtb2pilot/test_folder/automated/e_113482_MAIN_3_session_layer.py
/home/hilding/Repos/odtb2pilot/test_folder/automated/e_480616_MAIN_1_aes_ctr_in_authentication_method.py
/home/hilding/Repos/odtb2pilot/test_folder/automated/e_68225_MAIN_2_pbl_sw_part_num.py
/home/hilding/Repos/odtb2pilot/test_folder/automated/e_60112__1_functional_requests.yml
/home/hilding/Repos/odtb2pilot/test_folder/automated/e_480649_MAIN_1_Limit_clientRequestSeed_requests.py
/home/hilding/Repos/odtb2pilot/test_folder/automated/e_76449_MAIN_2_dynamically_define_data_identifier_2c.py
/home/hilding/Repos/odtb2pilot/test_folder/automated/e_72041_MAIN_3_support_for_dtc_time_stamp_20.py
/home/hilding/Repos/odtb2pilot/test_folder/automated/e_74167_MAIN_0_service_ecureset__11__affecting_ecu_functionality.yml
/home/hilding/Repos/odtb2pilot/test_folder/automated/e_74507_MAIN_3_negative_response_code_busy_repeat_request_0x21.py
/home/hilding/Repos/odtb2pilot/test_folder/automated/e_480616_MAIN_1_aes_ctr_in_authentication_method.yml
/home/hilding/Repos/odtb2pilot/test_folder/automated/e_52288__1_Reception_of_DiagnosticSessionControl.py
/home/hilding/Repos/odtb2pilot/test_folder/automated/e_481795_MAIN_3_security_access_levels.py
/home/hilding/Repos/odtb2pilot/test_folder/automated/e_76670_MAIN_1_rc31_stop_option_record.yml
/home/hilding/Repos/odtb2pilot/test_folder/automated/e_76515_MAIN_2_19_reportdtcwithpermanentstatus_15_ext.py
/home/hilding/Repos/odtb2pilot/test_folder/automated/e_481861_MAIN_0_ECM_check_security_access_method_supported.yml
/home/hilding/Repos/odtb2pilot/test_folder/automated/e_469134_MAIN_1_ECM_default_values_delay_timers_and_counters_for_false_attempts.py
/home/hilding/Repos/odtb2pilot/test_folder/automated/e_469434_MAIN_0_minimum_number_of_events_to_be_stored.yml
/home/hilding/Repos/odtb2pilot/test_folder/automated/e_74109_MAIN_1_allowed_diag_services.yml
/home/hilding/Repos/odtb2pilot/test_folder/automated/e_74114_MAIN_0_routine_result_availability.py
/home/hilding/Repos/odtb2pilot/test_folder/automated/e_76601_MAIN_1_rc31.py
/home/hilding/Repos/odtb2pilot/test_folder/automated/e_60104__1_n_bs_timeout_prog_session.py
/home/hilding/Repos/odtb2pilot/test_folder/automated/e_76496_MAIN_1_cleardiagnosticinformation_14.yml
/home/hilding/Repos/odtb2pilot/test_folder/automated/e_76444_MAIN_1_read_data_by_periodic_identifier_transmission_mode_slow.yml
/home/hilding/Repos/odtb2pilot/test_folder/automated/e_485840_MAIN_0_ecu_functional_address.py
/home/hilding/Repos/odtb2pilot/test_folder/automated/e_480615_MAIN_0_ECM_aes_cmac_in_authentication_method.py
/home/hilding/Repos/odtb2pilot/test_folder/automated/e_480623_MAIN_0_client_send_key_construction.py
/home/hilding/Repos/odtb2pilot/test_folder/automated/e_469134_MAIN_1_default_values_delay_timers_and_counters_for_false_attempts.py
/home/hilding/Repos/odtb2pilot/test_folder/automated/e_76447_MAIN_1_read_data_by_periodic_identifier_2a_transmission_mode_stop.py
/home/hilding/Repos/odtb2pilot/test_folder/automated/e_480621_MAIN_1_ECM_server_response_seed_construction.yml
/home/hilding/Repos/odtb2pilot/test_folder/automated/e_76499_MAIN_1_read_dtc_information_19.py
/home/hilding/Repos/odtb2pilot/test_folder/automated/e_52285__1_Receive_and_process_diagnostic_programming_session_requests.py
/home/hilding/Repos/odtb2pilot/test_folder/automated/e_76692_MAIN_2_transfer_data_block_sequence_counter_recieved_with_same_value.py
/home/hilding/Repos/odtb2pilot/test_folder/automated/e_64686_MAIN_2_file_naming.py
/home/hilding/Repos/odtb2pilot/test_folder/automated/e_76496_MAIN_0_cleardiagnosticinformation_14.py
/home/hilding/Repos/odtb2pilot/test_folder/automated/e_56203__1_p4server_max_def.py
/home/hilding/Repos/odtb2pilot/test_folder/automated/e_52306__4_definition_of_tcan_power_wakeup_to_app.py
/home/hilding/Repos/odtb2pilot/test_folder/automated/e_469429_MAIN_1_read_outsecurity_event_records.py
/home/hilding/Repos/odtb2pilot/test_folder/automated/e_76123_MAIN_1_diagnosticsessioncontrol__10_.yml
/home/hilding/Repos/odtb2pilot/test_folder/automated/e_487906_MAIN_1_secoc_key_programmed_status_diagnostic_trouble_code.py
/home/hilding/Repos/odtb2pilot/test_folder/automated/e_74107_MAIN_3_ecu_ability_to_receive_requests.py
/home/hilding/Repos/odtb2pilot/test_folder/automated/e_76506_MAIN_0_19_reportdtcsnapshotrecordbydtcnumber_04_84_rec_num_specific_val.py
/home/hilding/Repos/odtb2pilot/test_folder/automated/e_76445_MAIN_1_read_data_by_periodic_identifier_2a_transmission_mode_medium.py
/home/hilding/Repos/odtb2pilot/test_folder/automated/e_60008__2_blocksize_parameter_programming_session_server_side.yml
/home/hilding/Repos/odtb2pilot/test_folder/automated/e_76465_MAIN_1_dynamically_define_data_identifier_2c_define_by_memory_address.py
/home/hilding/Repos/odtb2pilot/test_folder/automated/e_74159_MAIN_0_p4server_max_response_time_for_routinecontrol_31__startroutine_routinetype_1.py
/home/hilding/Repos/odtb2pilot/test_folder/automated/e_53935__1_validation_of_ecu_software.py
/home/hilding/Repos/odtb2pilot/test_folder/automated/e_76482_MAIN_1_dynamically_define_data_identifier_2c_clear_dynamically_defined_data_identifier.py
/home/hilding/Repos/odtb2pilot/test_folder/automated/e_56194__1_start_of_p2_server_for_queued_request_in_programming_session.py
/home/hilding/Repos/odtb2pilot/test_folder/automated/e_60129__3_length_of_classic_can_frames.yml
/home/hilding/Repos/odtb2pilot/test_folder/automated/e_60008__2_blocksize_parameter_programming_session_server_side.py
/home/hilding/Repos/odtb2pilot/test_folder/automated/e_53978__1_writing_of_received_data_part_2.py
/home/hilding/Repos/odtb2pilot/test_folder/automated/e_457183_MAIN_0_vbt_in_padded_data_block.py
/home/hilding/Repos/odtb2pilot/test_folder/automated/e_60103__2_n_ar_timeout_progsession.py
/home/hilding/Repos/odtb2pilot/test_folder/automated/e_480650_MAIN_1_increment_and_reset_for_false_attempts.yml
/home/hilding/Repos/odtb2pilot/test_folder/automated/e_480600_MAIN_2_disable_hardware_debug_interfaces_to_hsm.py
/home/hilding/Repos/odtb2pilot/test_folder/automated/e_480618_MAIN_1_ECM_security_access_message_identifier.py
/home/hilding/Repos/odtb2pilot/test_folder/automated/e_74122_MAIN_0_type_2_req_routine_res.py
/home/hilding/Repos/odtb2pilot/test_folder/automated/e_74184_MAIN_0_service_routinecontrol__31__affecting_ecu_functionality.yml
/home/hilding/Repos/odtb2pilot/test_folder/automated/e_469428_MAIN_1_securityevent_structure.py
/home/hilding/Repos/odtb2pilot/test_folder/automated/e_480616_MAIN_1_ECM_aes_ctr_in_authentication_method.yml
/home/hilding/Repos/odtb2pilot/test_folder/automated/e_67767_MAIN_2_ecu_identification_and_configuration_data_records.yml
/home/hilding/Repos/odtb2pilot/test_folder/automated/e_74172_MAIN_0_service_readdatabyidentifier__22__affecting_ecu_functionality.py
/home/hilding/Repos/odtb2pilot/test_folder/automated/e_60003__1_part3.py
/home/hilding/Repos/odtb2pilot/test_folder/automated/e_74141_MAIN_2_diagnostic_service_makes_reset.py
/home/hilding/Repos/odtb2pilot/test_folder/automated/e_480623_MAIN_0_ECM_client_send_key_construction.py
/home/hilding/Repos/odtb2pilot/test_folder/automated/e_74165_MAIN_0_service_10_transition_from_and_to_prog.py
/home/hilding/Repos/odtb2pilot/test_folder/automated/e_74116_MAIN_2_routine_type_1_startroutine.py
/home/hilding/Repos/odtb2pilot/test_folder/automated/e_76671_MAIN_0_rc31_req_routine_res_prg.py
/home/hilding/Repos/odtb2pilot/test_folder/automated/e_76123_MAIN_1_diagnosticsessioncontrol__10_.py
/home/hilding/Repos/odtb2pilot/test_folder/automated/e_76490_MAIN_1_write_memory_by_address_alfid.py
/home/hilding/Repos/odtb2pilot/test_folder/automated/e_53839__2_protected_boot_sector.py
/home/hilding/Repos/odtb2pilot/test_folder/automated/e_76467_MAIN_1_dynamicallydefinedataidentifier_2c_addressandlengthformat_identifier.py
/home/hilding/Repos/odtb2pilot/test_folder/automated/e_469461_MAIN_1_authentication_data_inputs.py
/home/hilding/Repos/odtb2pilot/test_folder/automated/e_53978__1_writing_of_received_data_part_1.py
/home/hilding/Repos/odtb2pilot/test_folder/automated/e_76506_MAIN_0_19_reportdtcsnapshotrecordbydtcnumber_04_84_rec_num_specific_val_ext.py
/home/hilding/Repos/odtb2pilot/test_folder/automated/e_76514_MAIN_0_19_reportsupporteddtc_0a.py
/home/hilding/Repos/odtb2pilot/test_folder/automated/e_53856__2_sbl_shall_include_all_pbl_functionality.py
/home/hilding/Repos/odtb2pilot/test_folder/automated/e_76695_MAIN_2_request_transfer_exit.py
/home/hilding/Repos/odtb2pilot/test_folder/automated/e_74147_MAIN_1_p4server_max_response_time_for_readdatabyidentifier__22__ext.py
/home/hilding/Repos/odtb2pilot/test_folder/automated/e_68264_MAIN_1_dtc_defined_by_gmrdb.py
/home/hilding/Repos/odtb2pilot/test_folder/automated/e_74144_MAIN_0_p4server_max_response_time_for_ecureset__11_.py
/home/hilding/Repos/odtb2pilot/test_folder/automated/e_53973__3_file_download_order.yml
/home/hilding/Repos/odtb2pilot/test_folder/automated/e_487972_MAIN_1_secoc_cluster_key_identifier_storage.yml
/home/hilding/Repos/odtb2pilot/test_folder/automated/e_486677_MAIN_0_Event_logging_rate_limitation.yml
/home/hilding/Repos/odtb2pilot/test_folder/automated/e_60010__0_separationtime_non_prog_session_server_side.py
/home/hilding/Repos/odtb2pilot/test_folder/automated/e_76445_MAIN_1_read_data_by_periodic_identifier_2a_transmission_mode_medium.yml
/home/hilding/Repos/odtb2pilot/test_folder/automated/e_76449_MAIN_2_dynamically_define_data_identifier_2c.yml
/home/hilding/Repos/odtb2pilot/test_folder/automated/e_76601_MAIN_2_rc31.py
