/home/hilding/Repos/odtb2pilot/test_folder/automated/e_480628_MAIN_1_Server_random_number_validity_time.py
/home/hilding/Repos/odtb2pilot/test_folder/automated/e_469134_MAIN_1_default_values_delay_timers_and_counters_for_false_attempts.py
/home/hilding/Repos/odtb2pilot/test_folder/automated/e_480616_MAIN_1_aes_ctr_in_authentication_method.py
/home/hilding/Repos/odtb2pilot/test_folder/automated/e_480650_MAIN_1_increment_and_reset_for_false_attempts.py
/home/hilding/Repos/odtb2pilot/test_folder/automated/e_480620_MAIN_0_client_request_seed_construction.py
/home/hilding/Repos/odtb2pilot/test_folder/automated/e_480615_MAIN_0_aes_cmac_in_authentication_method.py
/home/hilding/Repos/odtb2pilot/test_folder/automated/e_480617_MAIN_1_security_access_message_structures.py
/home/hilding/Repos/odtb2pilot/test_folder/automated/e_481795_MAIN_3_security_access_levels.py
/home/hilding/Repos/odtb2pilot/test_folder/automated/e_480618_MAIN_1_security_access_message_identifier.py
/home/hilding/Repos/odtb2pilot/test_folder/automated/e_480619_MAIN_1_initialization_vectors.py
/home/hilding/Repos/odtb2pilot/test_folder/automated/e_480625_MAIN_2_security_access_key_type_structure.py
/home/hilding/Repos/odtb2pilot/test_folder/automated/e_481861_MAIN_0_check_security_access_method_supported.py
/home/hilding/Repos/odtb2pilot/test_folder/automated/e_480649_MAIN_1_Limit_clientRequestSeed_requests.py
/home/hilding/Repos/odtb2pilot/test_folder/automated/e_480623_MAIN_0_client_send_key_construction.py
/home/hilding/Repos/odtb2pilot/test_folder/automated/e_480621_MAIN_1_server_response_seed_construction.py
